// Jest Snapshot v1, https://goo.gl/fbAQLP

exports[`AdvancedSearch should match the snapshot 1`] = `
<div>
  <div>
    AdvancedSearchForm Mocked
  </div>
</div>
`;
