// Jest Snapshot v1, https://goo.gl/fbAQLP

exports[`store Suite Should have the correct properties 1`] = `
Object {
  "cards": Object {
    "cards": Array [],
    "requests": Object {
      "searchForCard": Object {
        "status": "idle",
      },
    },
  },
}
`;
