// Jest Snapshot v1, https://goo.gl/fbAQLP

exports[`Home Suite Should match the snapshot when a card is found 1`] = `
<DocumentFragment>
  <div
    class="MuiBox-root css-10klw3m"
  >
    <div
      id="CardDisplay"
    >
      {"card":{"object":"card","id":"d495e084-92ec-4675-b6aa-8ade2775b796","oracle_id":"12a6cad9-eb42-43bd-9e68-aaf862cd83db","multiverse_ids":[518315],"mtgo_id":89261,"tcgplayer_id":235131,"cardmarket_id":556296,"name":"Adrix and Nev, Twincasters","lang":"en","released_at":"2021-04-23","uri":"https://api.scryfall.com/cards/d495e084-92ec-4675-b6aa-8ade2775b796","scryfall_uri":"https://scryfall.com/card/c21/9/adrix-and-nev-twincasters?utm_source=api","layout":"normal","highres_image":true,"image_status":"highres_scan","image_uris":{"small":"https://c1.scryfall.com/file/scryfall-cards/small/front/d/4/d495e084-92ec-4675-b6aa-8ade2775b796.jpg?1625190786","normal":"https://c1.scryfall.com/file/scryfall-cards/normal/front/d/4/d495e084-92ec-4675-b6aa-8ade2775b796.jpg?1625190786","large":"https://c1.scryfall.com/file/scryfall-cards/large/front/d/4/d495e084-92ec-4675-b6aa-8ade2775b796.jpg?1625190786","png":"https://c1.scryfall.com/file/scryfall-cards/png/front/d/4/d495e084-92ec-4675-b6aa-8ade2775b796.png?1625190786","art_crop":"https://c1.scryfall.com/file/scryfall-cards/art_crop/front/d/4/d495e084-92ec-4675-b6aa-8ade2775b796.jpg?1625190786","border_crop":"https://c1.scryfall.com/file/scryfall-cards/border_crop/front/d/4/d495e084-92ec-4675-b6aa-8ade2775b796.jpg?1625190786"},"mana_cost":"{2}{G}{U}","cmc":4,"type_line":"Legendary Creature — Merfolk Wizard","oracle_text":"Ward {2} (Whenever this creature becomes the target of a spell or ability an opponent controls, counter it unless that player pays {2}.)\\nIf one or more tokens would be created under your control, twice that many of those tokens are created instead.","power":"2","toughness":"2","colors":["G","U"],"color_identity":["G","U"],"keywords":["Ward"],"all_parts":[{"object":"related_card","id":"d495e084-92ec-4675-b6aa-8ade2775b796","component":"combo_piece","name":"Adrix and Nev, Twincasters","type_line":"Legendary Creature — Merfolk Wizard","uri":"https://api.scryfall.com/cards/d495e084-92ec-4675-b6aa-8ade2775b796"},{"object":"related_card","id":"7bbe5a69-1ab3-43de-be1c-b21cccbd3b06","component":"combo_piece","name":"Adrix and Nev, Twincasters","type_line":"Legendary Creature — Merfolk Wizard","uri":"https://api.scryfall.com/cards/7bbe5a69-1ab3-43de-be1c-b21cccbd3b06"},{"object":"related_card","id":"c7ba6540-3743-445c-99bf-feb5af2fd56d","component":"token","name":"Copy","type_line":"Token","uri":"https://api.scryfall.com/cards/c7ba6540-3743-445c-99bf-feb5af2fd56d"}],"legalities":{"standard":"not_legal","future":"not_legal","historic":"not_legal","gladiator":"not_legal","pioneer":"not_legal","explorer":"not_legal","modern":"not_legal","legacy":"legal","pauper":"not_legal","vintage":"legal","penny":"not_legal","commander":"legal","brawl":"not_legal","historicbrawl":"not_legal","alchemy":"not_legal","paupercommander":"not_legal","duel":"legal","oldschool":"not_legal","premodern":"not_legal"},"games":["paper","mtgo"],"reserved":false,"foil":true,"nonfoil":true,"finishes":["nonfoil","foil"],"oversized":false,"promo":false,"reprint":false,"variation":false,"set_id":"27bf6dbd-a9e1-4904-afa7-d28fc7745c4f","set":"c21","set_name":"Commander 2021","set_type":"commander","set_uri":"https://api.scryfall.com/sets/27bf6dbd-a9e1-4904-afa7-d28fc7745c4f","set_search_uri":"https://api.scryfall.com/cards/search?order=set&q=e%3Ac21&unique=prints","scryfall_set_uri":"https://scryfall.com/sets/c21?utm_source=api","rulings_uri":"https://api.scryfall.com/cards/d495e084-92ec-4675-b6aa-8ade2775b796/rulings","prints_search_uri":"https://api.scryfall.com/cards/search?order=released&q=oracleid%3A12a6cad9-eb42-43bd-9e68-aaf862cd83db&unique=prints","collector_number":"9","digital":false,"rarity":"mythic","watermark":"quandrix","card_back_id":"0aeebaf5-8c7d-4636-9e82-8c27447861f7","artist":"Andrew Mar","artist_ids":["adad79bf-cd52-456a-b170-740ed8bff0fc"],"illustration_id":"742ef131-2e55-40f9-960e-73298eaeaa51","border_color":"black","frame":"2015","frame_effects":["legendary"],"security_stamp":"oval","full_art":false,"textless":false,"booster":false,"story_spotlight":false,"edhrec_rank":1391,"preview":{"source":"Wizards of the Coast","source_uri":"https://www.twitch.tv/videos/962571609","previewed_at":"2021-03-25"},"prices":{"usd_foil":"4.56","eur":"5.89","eur_foil":"5.33"},"related_uris":{"gatherer":"https://gatherer.wizards.com/Pages/Card/Details.aspx?multiverseid=518315","tcgplayer_infinite_articles":"https://infinite.tcgplayer.com/search?contentMode=article&game=magic&partner=scryfall&q=Adrix+and+Nev%2C+Twincasters&utm_campaign=affiliate&utm_medium=api&utm_source=scryfall","tcgplayer_infinite_decks":"https://infinite.tcgplayer.com/search?contentMode=deck&game=magic&partner=scryfall&q=Adrix+and+Nev%2C+Twincasters&utm_campaign=affiliate&utm_medium=api&utm_source=scryfall","edhrec":"https://edhrec.com/route/?cc=Adrix+and+Nev%2C+Twincasters"},"purchase_uris":{"tcgplayer":"https://www.tcgplayer.com/product/235131?page=1&utm_campaign=affiliate&utm_medium=api&utm_source=scryfall","cardmarket":"https://www.cardmarket.com/en/Magic/Products/Search?referrer=scryfall&searchString=Adrix+and+Nev%2C+Twincasters&utm_campaign=card_prices&utm_medium=text&utm_source=scryfall","cardhoarder":"https://www.cardhoarder.com/cards/89261?affiliate_id=scryfall&ref=card-profile&utm_campaign=affiliate&utm_medium=card&utm_source=scryfall"}}}
    </div>
  </div>
</DocumentFragment>
`;

exports[`Home Suite Should match the snapshot when more than one card is found 1`] = `
<DocumentFragment>
  <div
    class="MuiBox-root css-10klw3m"
  >
    <div
      id="MultipleCardDisplay"
    >
      {"list":{"object":"list","total_cards":1,"has_more":false,"data":[{"object":"card","id":"d495e084-92ec-4675-b6aa-8ade2775b796","oracle_id":"12a6cad9-eb42-43bd-9e68-aaf862cd83db","multiverse_ids":[518315],"mtgo_id":89261,"tcgplayer_id":235131,"cardmarket_id":556296,"name":"Adrix and Nev, Twincasters","lang":"en","released_at":"2021-04-23","uri":"https://api.scryfall.com/cards/d495e084-92ec-4675-b6aa-8ade2775b796","scryfall_uri":"https://scryfall.com/card/c21/9/adrix-and-nev-twincasters?utm_source=api","layout":"normal","highres_image":true,"image_status":"highres_scan","image_uris":{"small":"https://c1.scryfall.com/file/scryfall-cards/small/front/d/4/d495e084-92ec-4675-b6aa-8ade2775b796.jpg?1625190786","normal":"https://c1.scryfall.com/file/scryfall-cards/normal/front/d/4/d495e084-92ec-4675-b6aa-8ade2775b796.jpg?1625190786","large":"https://c1.scryfall.com/file/scryfall-cards/large/front/d/4/d495e084-92ec-4675-b6aa-8ade2775b796.jpg?1625190786","png":"https://c1.scryfall.com/file/scryfall-cards/png/front/d/4/d495e084-92ec-4675-b6aa-8ade2775b796.png?1625190786","art_crop":"https://c1.scryfall.com/file/scryfall-cards/art_crop/front/d/4/d495e084-92ec-4675-b6aa-8ade2775b796.jpg?1625190786","border_crop":"https://c1.scryfall.com/file/scryfall-cards/border_crop/front/d/4/d495e084-92ec-4675-b6aa-8ade2775b796.jpg?1625190786"},"mana_cost":"{2}{G}{U}","cmc":4,"type_line":"Legendary Creature — Merfolk Wizard","oracle_text":"Ward {2} (Whenever this creature becomes the target of a spell or ability an opponent controls, counter it unless that player pays {2}.)\\nIf one or more tokens would be created under your control, twice that many of those tokens are created instead.","power":"2","toughness":"2","colors":["G","U"],"color_identity":["G","U"],"keywords":["Ward"],"all_parts":[{"object":"related_card","id":"d495e084-92ec-4675-b6aa-8ade2775b796","component":"combo_piece","name":"Adrix and Nev, Twincasters","type_line":"Legendary Creature — Merfolk Wizard","uri":"https://api.scryfall.com/cards/d495e084-92ec-4675-b6aa-8ade2775b796"},{"object":"related_card","id":"7bbe5a69-1ab3-43de-be1c-b21cccbd3b06","component":"combo_piece","name":"Adrix and Nev, Twincasters","type_line":"Legendary Creature — Merfolk Wizard","uri":"https://api.scryfall.com/cards/7bbe5a69-1ab3-43de-be1c-b21cccbd3b06"},{"object":"related_card","id":"c7ba6540-3743-445c-99bf-feb5af2fd56d","component":"token","name":"Copy","type_line":"Token","uri":"https://api.scryfall.com/cards/c7ba6540-3743-445c-99bf-feb5af2fd56d"}],"legalities":{"standard":"not_legal","future":"not_legal","historic":"not_legal","gladiator":"not_legal","pioneer":"not_legal","explorer":"not_legal","modern":"not_legal","legacy":"legal","pauper":"not_legal","vintage":"legal","penny":"not_legal","commander":"legal","brawl":"not_legal","historicbrawl":"not_legal","alchemy":"not_legal","paupercommander":"not_legal","duel":"legal","oldschool":"not_legal","premodern":"not_legal"},"games":["paper","mtgo"],"reserved":false,"foil":true,"nonfoil":true,"finishes":["nonfoil","foil"],"oversized":false,"promo":false,"reprint":false,"variation":false,"set_id":"27bf6dbd-a9e1-4904-afa7-d28fc7745c4f","set":"c21","set_name":"Commander 2021","set_type":"commander","set_uri":"https://api.scryfall.com/sets/27bf6dbd-a9e1-4904-afa7-d28fc7745c4f","set_search_uri":"https://api.scryfall.com/cards/search?order=set&q=e%3Ac21&unique=prints","scryfall_set_uri":"https://scryfall.com/sets/c21?utm_source=api","rulings_uri":"https://api.scryfall.com/cards/d495e084-92ec-4675-b6aa-8ade2775b796/rulings","prints_search_uri":"https://api.scryfall.com/cards/search?order=released&q=oracleid%3A12a6cad9-eb42-43bd-9e68-aaf862cd83db&unique=prints","collector_number":"9","digital":false,"rarity":"mythic","watermark":"quandrix","card_back_id":"0aeebaf5-8c7d-4636-9e82-8c27447861f7","artist":"Andrew Mar","artist_ids":["adad79bf-cd52-456a-b170-740ed8bff0fc"],"illustration_id":"742ef131-2e55-40f9-960e-73298eaeaa51","border_color":"black","frame":"2015","frame_effects":["legendary"],"security_stamp":"oval","full_art":false,"textless":false,"booster":false,"story_spotlight":false,"edhrec_rank":1391,"preview":{"source":"Wizards of the Coast","source_uri":"https://www.twitch.tv/videos/962571609","previewed_at":"2021-03-25"},"prices":{"usd_foil":"4.56","eur":"5.89","eur_foil":"5.33"},"related_uris":{"gatherer":"https://gatherer.wizards.com/Pages/Card/Details.aspx?multiverseid=518315","tcgplayer_infinite_articles":"https://infinite.tcgplayer.com/search?contentMode=article&game=magic&partner=scryfall&q=Adrix+and+Nev%2C+Twincasters&utm_campaign=affiliate&utm_medium=api&utm_source=scryfall","tcgplayer_infinite_decks":"https://infinite.tcgplayer.com/search?contentMode=deck&game=magic&partner=scryfall&q=Adrix+and+Nev%2C+Twincasters&utm_campaign=affiliate&utm_medium=api&utm_source=scryfall","edhrec":"https://edhrec.com/route/?cc=Adrix+and+Nev%2C+Twincasters"},"purchase_uris":{"tcgplayer":"https://www.tcgplayer.com/product/235131?page=1&utm_campaign=affiliate&utm_medium=api&utm_source=scryfall","cardmarket":"https://www.cardmarket.com/en/Magic/Products/Search?referrer=scryfall&searchString=Adrix+and+Nev%2C+Twincasters&utm_campaign=card_prices&utm_medium=text&utm_source=scryfall","cardhoarder":"https://www.cardhoarder.com/cards/89261?affiliate_id=scryfall&ref=card-profile&utm_campaign=affiliate&utm_medium=card&utm_source=scryfall"}},{"object":"card","id":"d607b003-6b48-429c-a7fd-45b8dd1bb4f9","oracle_id":"6511f317-bd38-46d0-b800-7125a3f420da","multiverse_ids":[500791],"mtgo_id":85836,"tcgplayer_id":227229,"cardmarket_id":514724,"name":"Aesi, Tyrant of Gyre Strait","lang":"en","released_at":"2020-11-20","uri":"https://api.scryfall.com/cards/d607b003-6b48-429c-a7fd-45b8dd1bb4f9","scryfall_uri":"https://scryfall.com/card/cmr/365/aesi-tyrant-of-gyre-strait?utm_source=api","layout":"normal","highres_image":true,"image_status":"highres_scan","image_uris":{"small":"https://c1.scryfall.com/file/scryfall-cards/small/front/d/6/d607b003-6b48-429c-a7fd-45b8dd1bb4f9.jpg?1610072986","normal":"https://c1.scryfall.com/file/scryfall-cards/normal/front/d/6/d607b003-6b48-429c-a7fd-45b8dd1bb4f9.jpg?1610072986","large":"https://c1.scryfall.com/file/scryfall-cards/large/front/d/6/d607b003-6b48-429c-a7fd-45b8dd1bb4f9.jpg?1610072986","png":"https://c1.scryfall.com/file/scryfall-cards/png/front/d/6/d607b003-6b48-429c-a7fd-45b8dd1bb4f9.png?1610072986","art_crop":"https://c1.scryfall.com/file/scryfall-cards/art_crop/front/d/6/d607b003-6b48-429c-a7fd-45b8dd1bb4f9.jpg?1610072986","border_crop":"https://c1.scryfall.com/file/scryfall-cards/border_crop/front/d/6/d607b003-6b48-429c-a7fd-45b8dd1bb4f9.jpg?1610072986"},"mana_cost":"{4}{G}{U}","cmc":6,"type_line":"Legendary Creature — Serpent","oracle_text":"You may play an additional land on each of your turns.\\nWhenever a land enters the battlefield under your control, you may draw a card.","power":"5","toughness":"5","colors":["G","U"],"color_identity":["G","U"],"keywords":[],"legalities":{"standard":"not_legal","future":"not_legal","historic":"not_legal","gladiator":"not_legal","pioneer":"not_legal","explorer":"not_legal","modern":"not_legal","legacy":"legal","pauper":"not_legal","vintage":"legal","penny":"not_legal","commander":"legal","brawl":"not_legal","historicbrawl":"not_legal","alchemy":"not_legal","paupercommander":"not_legal","duel":"legal","oldschool":"not_legal","premodern":"not_legal"},"games":["paper","mtgo"],"reserved":false,"foil":true,"nonfoil":false,"finishes":["foil"],"oversized":false,"promo":false,"reprint":false,"variation":false,"set_id":"39de6fbf-1f11-48d0-8f04-f0407f6a0732","set":"cmr","set_name":"Commander Legends","set_type":"draft_innovation","set_uri":"https://api.scryfall.com/sets/39de6fbf-1f11-48d0-8f04-f0407f6a0732","set_search_uri":"https://api.scryfall.com/cards/search?order=set&q=e%3Acmr&unique=prints","scryfall_set_uri":"https://scryfall.com/sets/cmr?utm_source=api","rulings_uri":"https://api.scryfall.com/cards/d607b003-6b48-429c-a7fd-45b8dd1bb4f9/rulings","prints_search_uri":"https://api.scryfall.com/cards/search?order=released&q=oracleid%3A6511f317-bd38-46d0-b800-7125a3f420da&unique=prints","collector_number":"365","digital":false,"rarity":"mythic","flavor_text":"\\"To sail through those waters is to offer oneself as tribute.\\"\\n—Captain Hoyrik","card_back_id":"0aeebaf5-8c7d-4636-9e82-8c27447861f7","artist":"Viktor Titov","artist_ids":["2270c0b0-afb4-42b0-bcb6-25fe4ad6eef2"],"illustration_id":"0caa1404-6496-4b85-b122-0eb2addb88f4","border_color":"black","frame":"2015","frame_effects":["legendary"],"security_stamp":"oval","full_art":false,"textless":false,"booster":false,"story_spotlight":false,"edhrec_rank":925,"prices":{"usd_foil":"6.29","eur_foil":"10.91"},"related_uris":{"gatherer":"https://gatherer.wizards.com/Pages/Card/Details.aspx?multiverseid=500791","tcgplayer_infinite_articles":"https://infinite.tcgplayer.com/search?contentMode=article&game=magic&partner=scryfall&q=Aesi%2C+Tyrant+of+Gyre+Strait&utm_campaign=affiliate&utm_medium=api&utm_source=scryfall","tcgplayer_infinite_decks":"https://infinite.tcgplayer.com/search?contentMode=deck&game=magic&partner=scryfall&q=Aesi%2C+Tyrant+of+Gyre+Strait&utm_campaign=affiliate&utm_medium=api&utm_source=scryfall","edhrec":"https://edhrec.com/route/?cc=Aesi%2C+Tyrant+of+Gyre+Strait"},"purchase_uris":{"tcgplayer":"https://www.tcgplayer.com/product/227229?page=1&utm_campaign=affiliate&utm_medium=api&utm_source=scryfall","cardmarket":"https://www.cardmarket.com/en/Magic/Products/Search?referrer=scryfall&searchString=Aesi%2C+Tyrant+of+Gyre+Strait&utm_campaign=card_prices&utm_medium=text&utm_source=scryfall","cardhoarder":"https://www.cardhoarder.com/cards/85836?affiliate_id=scryfall&ref=card-profile&utm_campaign=affiliate&utm_medium=card&utm_source=scryfall"}},{"object":"card","id":"b22c33bb-47fe-4334-9105-00f4b87811bd","oracle_id":"1e048c15-50d6-4313-880a-e04348952a51","multiverse_ids":[563147],"tcgplayer_id":272744,"cardmarket_id":659227,"name":"Alaundo the Seer","lang":"en","released_at":"2022-06-10","uri":"https://api.scryfall.com/cards/b22c33bb-47fe-4334-9105-00f4b87811bd","scryfall_uri":"https://scryfall.com/card/clb/264/alaundo-the-seer?utm_source=api","layout":"normal","highres_image":true,"image_status":"highres_scan","image_uris":{"small":"https://c1.scryfall.com/file/scryfall-cards/small/front/b/2/b22c33bb-47fe-4334-9105-00f4b87811bd.jpg?1652992910","normal":"https://c1.scryfall.com/file/scryfall-cards/normal/front/b/2/b22c33bb-47fe-4334-9105-00f4b87811bd.jpg?1652992910","large":"https://c1.scryfall.com/file/scryfall-cards/large/front/b/2/b22c33bb-47fe-4334-9105-00f4b87811bd.jpg?1652992910","png":"https://c1.scryfall.com/file/scryfall-cards/png/front/b/2/b22c33bb-47fe-4334-9105-00f4b87811bd.png?1652992910","art_crop":"https://c1.scryfall.com/file/scryfall-cards/art_crop/front/b/2/b22c33bb-47fe-4334-9105-00f4b87811bd.jpg?1652992910","border_crop":"https://c1.scryfall.com/file/scryfall-cards/border_crop/front/b/2/b22c33bb-47fe-4334-9105-00f4b87811bd.jpg?1652992910"},"mana_cost":"{2}{G}{U}","cmc":4,"type_line":"Legendary Creature — Human Shaman","oracle_text":"{T}: Draw a card, then exile a card from your hand and put a number of time counters on it equal to its mana value. It gains \\"When the last time counter is removed from this card, if it's exiled, you may cast it without paying its mana cost. If you cast a creature spell this way, it gains haste until end of turn.\\" Then remove a time counter from each other card you own in exile.","power":"3","toughness":"5","colors":["G","U"],"color_identity":["G","U"],"keywords":[],"legalities":{"standard":"not_legal","future":"not_legal","historic":"not_legal","gladiator":"not_legal","pioneer":"not_legal","explorer":"not_legal","modern":"not_legal","legacy":"legal","pauper":"not_legal","vintage":"legal","penny":"not_legal","commander":"legal","brawl":"not_legal","historicbrawl":"not_legal","alchemy":"not_legal","paupercommander":"not_legal","duel":"legal","oldschool":"not_legal","premodern":"not_legal"},"games":["paper"],"reserved":false,"foil":true,"nonfoil":true,"finishes":["nonfoil","foil"],"oversized":false,"promo":false,"reprint":false,"variation":false,"set_id":"5e4c3fe8-fd57-4b20-ad56-c03790a16cea","set":"clb","set_name":"Commander Legends: Battle for Baldur's Gate","set_type":"draft_innovation","set_uri":"https://api.scryfall.com/sets/5e4c3fe8-fd57-4b20-ad56-c03790a16cea","set_search_uri":"https://api.scryfall.com/cards/search?order=set&q=e%3Aclb&unique=prints","scryfall_set_uri":"https://scryfall.com/sets/clb?utm_source=api","rulings_uri":"https://api.scryfall.com/cards/b22c33bb-47fe-4334-9105-00f4b87811bd/rulings","prints_search_uri":"https://api.scryfall.com/cards/search?order=released&q=oracleid%3A1e048c15-50d6-4313-880a-e04348952a51&unique=prints","collector_number":"264","digital":false,"rarity":"rare","card_back_id":"0aeebaf5-8c7d-4636-9e82-8c27447861f7","artist":"Aurore Folny","artist_ids":["02f6cdda-7a80-4184-853d-20b28d580868"],"illustration_id":"c245c775-6b93-4890-ae1d-acfd9a2acb48","border_color":"black","frame":"2015","frame_effects":["legendary"],"security_stamp":"oval","full_art":false,"textless":false,"booster":true,"story_spotlight":false,"edhrec_rank":12333,"preview":{"source":"Wizards of the Coast","source_uri":"","previewed_at":"2022-05-19"},"prices":{"usd":"0.10","usd_foil":"0.13","eur":"0.11","eur_foil":"0.36"},"related_uris":{"gatherer":"https://gatherer.wizards.com/Pages/Card/Details.aspx?multiverseid=563147","tcgplayer_infinite_articles":"https://infinite.tcgplayer.com/search?contentMode=article&game=magic&partner=scryfall&q=Alaundo+the+Seer&utm_campaign=affiliate&utm_medium=api&utm_source=scryfall","tcgplayer_infinite_decks":"https://infinite.tcgplayer.com/search?contentMode=deck&game=magic&partner=scryfall&q=Alaundo+the+Seer&utm_campaign=affiliate&utm_medium=api&utm_source=scryfall","edhrec":"https://edhrec.com/route/?cc=Alaundo+the+Seer"},"purchase_uris":{"tcgplayer":"https://www.tcgplayer.com/product/272744?page=1&utm_campaign=affiliate&utm_medium=api&utm_source=scryfall","cardmarket":"https://www.cardmarket.com/en/Magic/Products/Search?referrer=scryfall&searchString=Alaundo+the+Seer&utm_campaign=card_prices&utm_medium=text&utm_source=scryfall","cardhoarder":"https://www.cardhoarder.com/cards?affiliate_id=scryfall&data%5Bsearch%5D=Alaundo+the+Seer&ref=card-profile&utm_campaign=affiliate&utm_medium=card&utm_source=scryfall"}},{"object":"card","id":"881607c8-bfe7-4903-861f-b51a5a332c17","oracle_id":"caeb39ee-f0bb-4305-9e8b-b30ba0a74c78","multiverse_ids":[489862],"mtgo_id":82412,"tcgplayer_id":218821,"cardmarket_id":484524,"name":"Arixmethes, Slumbering Isle","lang":"en","released_at":"2020-08-07","uri":"https://api.scryfall.com/cards/881607c8-bfe7-4903-861f-b51a5a332c17","scryfall_uri":"https://scryfall.com/card/2xm/189/arixmethes-slumbering-isle?utm_source=api","layout":"normal","highres_image":true,"image_status":"highres_scan","image_uris":{"small":"https://c1.scryfall.com/file/scryfall-cards/small/front/8/8/881607c8-bfe7-4903-861f-b51a5a332c17.jpg?1599707758","normal":"https://c1.scryfall.com/file/scryfall-cards/normal/front/8/8/881607c8-bfe7-4903-861f-b51a5a332c17.jpg?1599707758","large":"https://c1.scryfall.com/file/scryfall-cards/large/front/8/8/881607c8-bfe7-4903-861f-b51a5a332c17.jpg?1599707758","png":"https://c1.scryfall.com/file/scryfall-cards/png/front/8/8/881607c8-bfe7-4903-861f-b51a5a332c17.png?1599707758","art_crop":"https://c1.scryfall.com/file/scryfall-cards/art_crop/front/8/8/881607c8-bfe7-4903-861f-b51a5a332c17.jpg?1599707758","border_crop":"https://c1.scryfall.com/file/scryfall-cards/border_crop/front/8/8/881607c8-bfe7-4903-861f-b51a5a332c17.jpg?1599707758"},"mana_cost":"{2}{G}{U}","cmc":4,"type_line":"Legendary Creature — Kraken","oracle_text":"Arixmethes, Slumbering Isle enters the battlefield tapped with five slumber counters on it.\\nAs long as Arixmethes has a slumber counter on it, it's a land. (It's not a creature.)\\nWhenever you cast a spell, you may remove a slumber counter from Arixmethes.\\n{T}: Add {G}{U}.","power":"12","toughness":"12","colors":["G","U"],"color_identity":["G","U"],"keywords":[],"produced_mana":["G","U"],"legalities":{"standard":"not_legal","future":"not_legal","historic":"not_legal","gladiator":"not_legal","pioneer":"not_legal","explorer":"not_legal","modern":"not_legal","legacy":"legal","pauper":"not_legal","vintage":"legal","penny":"not_legal","commander":"legal","brawl":"not_legal","historicbrawl":"not_legal","alchemy":"not_legal","paupercommander":"not_legal","duel":"legal","oldschool":"not_legal","premodern":"not_legal"},"games":["paper","mtgo"],"reserved":false,"foil":true,"nonfoil":true,"finishes":["nonfoil","foil"],"oversized":false,"promo":false,"reprint":true,"variation":false,"set_id":"372dafe8-b5d1-4b81-998f-3ae96b59498a","set":"2xm","set_name":"Double Masters","set_type":"masters","set_uri":"https://api.scryfall.com/sets/372dafe8-b5d1-4b81-998f-3ae96b59498a","set_search_uri":"https://api.scryfall.com/cards/search?order=set&q=e%3A2xm&unique=prints","scryfall_set_uri":"https://scryfall.com/sets/2xm?utm_source=api","rulings_uri":"https://api.scryfall.com/cards/881607c8-bfe7-4903-861f-b51a5a332c17/rulings","prints_search_uri":"https://api.scryfall.com/cards/search?order=released&q=oracleid%3Acaeb39ee-f0bb-4305-9e8b-b30ba0a74c78&unique=prints","collector_number":"189","digital":false,"rarity":"rare","card_back_id":"0aeebaf5-8c7d-4636-9e82-8c27447861f7","artist":"Dimitar Marinski","artist_ids":["ad53afd6-d00f-4bc8-98ec-deab3f6aec50"],"illustration_id":"6168e092-3bd1-4196-915f-c90d026eecfd","border_color":"black","frame":"2015","frame_effects":["legendary"],"security_stamp":"oval","full_art":false,"textless":false,"booster":true,"story_spotlight":false,"edhrec_rank":2375,"preview":{"source":"MANACOST:R","source_uri":"https://www.youtube.com/watch?v=cWnkx7z5RVY","previewed_at":"2020-07-25"},"prices":{"usd":"4.35","usd_foil":"7.82","eur":"2.87","eur_foil":"5.99","tix":"0.39"},"related_uris":{"gatherer":"https://gatherer.wizards.com/Pages/Card/Details.aspx?multiverseid=489862","tcgplayer_infinite_articles":"https://infinite.tcgplayer.com/search?contentMode=article&game=magic&partner=scryfall&q=Arixmethes%2C+Slumbering+Isle&utm_campaign=affiliate&utm_medium=api&utm_source=scryfall","tcgplayer_infinite_decks":"https://infinite.tcgplayer.com/search?contentMode=deck&game=magic&partner=scryfall&q=Arixmethes%2C+Slumbering+Isle&utm_campaign=affiliate&utm_medium=api&utm_source=scryfall","edhrec":"https://edhrec.com/route/?cc=Arixmethes%2C+Slumbering+Isle"},"purchase_uris":{"tcgplayer":"https://www.tcgplayer.com/product/218821?page=1&utm_campaign=affiliate&utm_medium=api&utm_source=scryfall","cardmarket":"https://www.cardmarket.com/en/Magic/Products/Search?referrer=scryfall&searchString=Arixmethes%2C+Slumbering+Isle&utm_campaign=card_prices&utm_medium=text&utm_source=scryfall","cardhoarder":"https://www.cardhoarder.com/cards/82412?affiliate_id=scryfall&ref=card-profile&utm_campaign=affiliate&utm_medium=card&utm_source=scryfall"}},{"object":"card","id":"2183cfb3-6bf5-4fbc-b535-a42ba954e8a3","oracle_id":"9a1de7e4-9930-4db3-a8f3-d146d0abf38b","multiverse_ids":[420812],"tcgplayer_id":124469,"cardmarket_id":293695,"name":"Edric, Spymaster of Trest","lang":"en","released_at":"2016-11-11","uri":"https://api.scryfall.com/cards/2183cfb3-6bf5-4fbc-b535-a42ba954e8a3","scryfall_uri":"https://scryfall.com/card/c16/195/edric-spymaster-of-trest?utm_source=api","layout":"normal","highres_image":true,"image_status":"highres_scan","image_uris":{"small":"https://c1.scryfall.com/file/scryfall-cards/small/front/2/1/2183cfb3-6bf5-4fbc-b535-a42ba954e8a3.jpg?1574767851","normal":"https://c1.scryfall.com/file/scryfall-cards/normal/front/2/1/2183cfb3-6bf5-4fbc-b535-a42ba954e8a3.jpg?1574767851","large":"https://c1.scryfall.com/file/scryfall-cards/large/front/2/1/2183cfb3-6bf5-4fbc-b535-a42ba954e8a3.jpg?1574767851","png":"https://c1.scryfall.com/file/scryfall-cards/png/front/2/1/2183cfb3-6bf5-4fbc-b535-a42ba954e8a3.png?1574767851","art_crop":"https://c1.scryfall.com/file/scryfall-cards/art_crop/front/2/1/2183cfb3-6bf5-4fbc-b535-a42ba954e8a3.jpg?1574767851","border_crop":"https://c1.scryfall.com/file/scryfall-cards/border_crop/front/2/1/2183cfb3-6bf5-4fbc-b535-a42ba954e8a3.jpg?1574767851"},"mana_cost":"{1}{G}{U}","cmc":3,"type_line":"Legendary Creature — Elf Rogue","oracle_text":"Whenever a creature deals combat damage to one of your opponents, its controller may draw a card.","power":"2","toughness":"2","colors":["G","U"],"color_identity":["G","U"],"keywords":[],"legalities":{"standard":"not_legal","future":"not_legal","historic":"not_legal","gladiator":"not_legal","pioneer":"not_legal","explorer":"not_legal","modern":"not_legal","legacy":"legal","pauper":"not_legal","vintage":"legal","penny":"legal","commander":"legal","brawl":"not_legal","historicbrawl":"not_legal","alchemy":"not_legal","paupercommander":"not_legal","duel":"restricted","oldschool":"not_legal","premodern":"not_legal"},"games":["paper"],"reserved":false,"foil":false,"nonfoil":true,"finishes":["nonfoil"],"oversized":false,"promo":false,"reprint":true,"variation":false,"set_id":"3e0d713a-b5cb-4287-81b9-a57d4dcaf415","set":"c16","set_name":"Commander 2016","set_type":"commander","set_uri":"https://api.scryfall.com/sets/3e0d713a-b5cb-4287-81b9-a57d4dcaf415","set_search_uri":"https://api.scryfall.com/cards/search?order=set&q=e%3Ac16&unique=prints","scryfall_set_uri":"https://scryfall.com/sets/c16?utm_source=api","rulings_uri":"https://api.scryfall.com/cards/2183cfb3-6bf5-4fbc-b535-a42ba954e8a3/rulings","prints_search_uri":"https://api.scryfall.com/cards/search?order=released&q=oracleid%3A9a1de7e4-9930-4db3-a8f3-d146d0abf38b&unique=prints","collector_number":"195","digital":false,"rarity":"rare","flavor_text":"\\"I am not at liberty to reveal my sources, but I can assure you, the price on your head is high.\\"","card_back_id":"0aeebaf5-8c7d-4636-9e82-8c27447861f7","artist":"Volkan Baǵa","artist_ids":["93bec3c0-0260-4d31-8064-5d01efb4153f"],"illustration_id":"83223053-1691-47e9-8e64-54487066aaee","border_color":"black","frame":"2015","security_stamp":"oval","full_art":false,"textless":false,"booster":false,"story_spotlight":false,"edhrec_rank":1784,"penny_rank":880,"prices":{"usd":"3.75","eur":"1.95"},"related_uris":{"gatherer":"https://gatherer.wizards.com/Pages/Card/Details.aspx?multiverseid=420812","tcgplayer_infinite_articles":"https://infinite.tcgplayer.com/search?contentMode=article&game=magic&partner=scryfall&q=Edric%2C+Spymaster+of+Trest&utm_campaign=affiliate&utm_medium=api&utm_source=scryfall","tcgplayer_infinite_decks":"https://infinite.tcgplayer.com/search?contentMode=deck&game=magic&partner=scryfall&q=Edric%2C+Spymaster+of+Trest&utm_campaign=affiliate&utm_medium=api&utm_source=scryfall","edhrec":"https://edhrec.com/route/?cc=Edric%2C+Spymaster+of+Trest"},"purchase_uris":{"tcgplayer":"https://www.tcgplayer.com/product/124469?page=1&utm_campaign=affiliate&utm_medium=api&utm_source=scryfall","cardmarket":"https://www.cardmarket.com/en/Magic/Products/Search?referrer=scryfall&searchString=Edric%2C+Spymaster+of+Trest&utm_campaign=card_prices&utm_medium=text&utm_source=scryfall","cardhoarder":"https://www.cardhoarder.com/cards?affiliate_id=scryfall&data%5Bsearch%5D=Edric%2C+Spymaster+of+Trest&ref=card-profile&utm_campaign=affiliate&utm_medium=card&utm_source=scryfall"}},{"object":"card","id":"9c381bc2-d26e-4d7e-9a0b-a8f7d2d802be","oracle_id":"9d22960b-babc-4cf3-b228-d32e13bc6014","multiverse_ids":[518316],"mtgo_id":89263,"tcgplayer_id":236270,"cardmarket_id":559086,"name":"Esix, Fractal Bloom","lang":"en","released_at":"2021-04-23","uri":"https://api.scryfall.com/cards/9c381bc2-d26e-4d7e-9a0b-a8f7d2d802be","scryfall_uri":"https://scryfall.com/card/c21/10/esix-fractal-bloom?utm_source=api","layout":"normal","highres_image":true,"image_status":"highres_scan","image_uris":{"small":"https://c1.scryfall.com/file/scryfall-cards/small/front/9/c/9c381bc2-d26e-4d7e-9a0b-a8f7d2d802be.jpg?1625190810","normal":"https://c1.scryfall.com/file/scryfall-cards/normal/front/9/c/9c381bc2-d26e-4d7e-9a0b-a8f7d2d802be.jpg?1625190810","large":"https://c1.scryfall.com/file/scryfall-cards/large/front/9/c/9c381bc2-d26e-4d7e-9a0b-a8f7d2d802be.jpg?1625190810","png":"https://c1.scryfall.com/file/scryfall-cards/png/front/9/c/9c381bc2-d26e-4d7e-9a0b-a8f7d2d802be.png?1625190810","art_crop":"https://c1.scryfall.com/file/scryfall-cards/art_crop/front/9/c/9c381bc2-d26e-4d7e-9a0b-a8f7d2d802be.jpg?1625190810","border_crop":"https://c1.scryfall.com/file/scryfall-cards/border_crop/front/9/c/9c381bc2-d26e-4d7e-9a0b-a8f7d2d802be.jpg?1625190810"},"mana_cost":"{4}{G}{U}","cmc":6,"type_line":"Legendary Creature — Fractal","oracle_text":"Flying\\nThe first time you would create one or more tokens during each of your turns, you may instead choose a creature other than Esix, Fractal Bloom and create that many tokens that are copies of that creature.","power":"4","toughness":"4","colors":["G","U"],"color_identity":["G","U"],"keywords":["Flying"],"all_parts":[{"object":"related_card","id":"9c381bc2-d26e-4d7e-9a0b-a8f7d2d802be","component":"combo_piece","name":"Esix, Fractal Bloom","type_line":"Legendary Creature — Fractal","uri":"https://api.scryfall.com/cards/9c381bc2-d26e-4d7e-9a0b-a8f7d2d802be"},{"object":"related_card","id":"c7ba6540-3743-445c-99bf-feb5af2fd56d","component":"token","name":"Copy","type_line":"Token","uri":"https://api.scryfall.com/cards/c7ba6540-3743-445c-99bf-feb5af2fd56d"}],"legalities":{"standard":"not_legal","future":"not_legal","historic":"not_legal","gladiator":"not_legal","pioneer":"not_legal","explorer":"not_legal","modern":"not_legal","legacy":"legal","pauper":"not_legal","vintage":"legal","penny":"not_legal","commander":"legal","brawl":"not_legal","historicbrawl":"not_legal","alchemy":"not_legal","paupercommander":"not_legal","duel":"legal","oldschool":"not_legal","premodern":"not_legal"},"games":["paper","mtgo"],"reserved":false,"foil":true,"nonfoil":true,"finishes":["nonfoil","foil"],"oversized":false,"promo":false,"reprint":false,"variation":false,"set_id":"27bf6dbd-a9e1-4904-afa7-d28fc7745c4f","set":"c21","set_name":"Commander 2021","set_type":"commander","set_uri":"https://api.scryfall.com/sets/27bf6dbd-a9e1-4904-afa7-d28fc7745c4f","set_search_uri":"https://api.scryfall.com/cards/search?order=set&q=e%3Ac21&unique=prints","scryfall_set_uri":"https://scryfall.com/sets/c21?utm_source=api","rulings_uri":"https://api.scryfall.com/cards/9c381bc2-d26e-4d7e-9a0b-a8f7d2d802be/rulings","prints_search_uri":"https://api.scryfall.com/cards/search?order=released&q=oracleid%3A9d22960b-babc-4cf3-b228-d32e13bc6014&unique=prints","collector_number":"10","digital":false,"rarity":"mythic","watermark":"quandrix","card_back_id":"0aeebaf5-8c7d-4636-9e82-8c27447861f7","artist":"Chase Stone","artist_ids":["2d753f61-5f5b-468e-97ea-8e0fdd347340"],"illustration_id":"21245d68-04f9-43da-b554-94c312fec335","border_color":"black","frame":"2015","frame_effects":["legendary"],"security_stamp":"oval","full_art":false,"textless":false,"booster":false,"story_spotlight":false,"edhrec_rank":2682,"prices":{"usd_foil":"0.65","eur":"0.89","eur_foil":"0.50"},"related_uris":{"gatherer":"https://gatherer.wizards.com/Pages/Card/Details.aspx?multiverseid=518316","tcgplayer_infinite_articles":"https://infinite.tcgplayer.com/search?contentMode=article&game=magic&partner=scryfall&q=Esix%2C+Fractal+Bloom&utm_campaign=affiliate&utm_medium=api&utm_source=scryfall","tcgplayer_infinite_decks":"https://infinite.tcgplayer.com/search?contentMode=deck&game=magic&partner=scryfall&q=Esix%2C+Fractal+Bloom&utm_campaign=affiliate&utm_medium=api&utm_source=scryfall","edhrec":"https://edhrec.com/route/?cc=Esix%2C+Fractal+Bloom"},"purchase_uris":{"tcgplayer":"https://www.tcgplayer.com/product/236270?page=1&utm_campaign=affiliate&utm_medium=api&utm_source=scryfall","cardmarket":"https://www.cardmarket.com/en/Magic/Products/Search?referrer=scryfall&searchString=Esix%2C+Fractal+Bloom&utm_campaign=card_prices&utm_medium=text&utm_source=scryfall","cardhoarder":"https://www.cardhoarder.com/cards/89263?affiliate_id=scryfall&ref=card-profile&utm_campaign=affiliate&utm_medium=card&utm_source=scryfall"}}]}}
    </div>
  </div>
</DocumentFragment>
`;

exports[`Home Suite Should match the snapshot when no card is found 1`] = `
<DocumentFragment>
  <div
    class="MuiBox-root css-10klw3m"
  >
    no cards found for search adrix and nev
  </div>
</DocumentFragment>
`;

exports[`Home Suite Should match the snapshot when there is no card in the history 1`] = `
<DocumentFragment>
  <div
    class="MuiBox-root css-10klw3m"
  >
    loading
  </div>
</DocumentFragment>
`;
