// Jest Snapshot v1, https://goo.gl/fbAQLP

exports[`Home Suite Should match the snapshot 1`] = `
<DocumentFragment>
  <div
    class="MuiContainer-root MuiContainer-maxWidthLg MuiContainer-fixed css-1ss2ei0-MuiContainer-root"
    style="display: flex; flex-direction: column; justify-content: center; align-items: center; height: 100vh;"
  >
    <div>
      SimpleCardSearchBar
    </div>
  </div>
</DocumentFragment>
`;
